.\gradlew :  
At line:1 char:1
+ .\gradlew assembleDebug --stacktrace 2> errors.txt
+ ~~~~~~~~~~~~~~~~~~~~~~~~~~~~~~~~~~~~~~~~~~~~~~~~~~
    + CategoryInfo          : NotSpecified: ( :String) [], RemoteException
    + FullyQualifiedErrorId : NativeCommandError
 
ERROR: JAVA_HOME is not set and no 'java' command could be found in your PATH. 
 
Please set the JAVA_HOME variable in your environment to match the 
location of your Java installation. 
